SELECT asText(tgeometry 'Polygon((0 0, 1 0, 1 1, 0 1, 0 0))@2000-01-01');
                        astext                         
-------------------------------------------------------
 POLYGON((0 0,1 0,1 1,0 1,0 0))@2000-01-01 00:00:00+00
(1 row)

SELECT asText(tgeometry 'Polyhedralsurface Z (((0 0 0, 0 0 1, 0 1 0, 0 0 0)),((0 0 0, 0 1 0, 1 0 0, 0 0 0)),((0 0 0, 1 0 0, 0 0 1, 0 0 0)),((1 0 0, 0 1 0, 0 0 1, 1 0 0)))@2000-01-01');
                                                                            astext                                                                            
--------------------------------------------------------------------------------------------------------------------------------------------------------------
 POLYHEDRALSURFACE Z (((0 0 0,0 0 1,0 1 0,0 0 0)),((0 0 0,0 1 0,1 0 0,0 0 0)),((0 0 0,1 0 0,0 0 1,0 0 0)),((1 0 0,0 1 0,0 0 1,1 0 0)))@2000-01-01 00:00:00+00
(1 row)

SELECT asText('{}'::tgeometry[]);
 astext 
--------
 
(1 row)

SELECT asText(ARRAY[tgeometry 'Polygon((0 0, 1 0, 1 1, 0 1, 0 0))@2000-01-01']);
                          astext                           
-----------------------------------------------------------
 {"POLYGON((0 0,1 0,1 1,0 1,0 0))@2000-01-01 00:00:00+00"}
(1 row)

SELECT asText(ARRAY[tgeometry 'Polyhedralsurface Z (((0 0 0, 0 0 1, 0 1 0, 0 0 0)),((0 0 0, 0 1 0, 1 0 0, 0 0 0)),((0 0 0, 1 0 0, 0 0 1, 0 0 0)),((1 0 0, 0 1 0, 0 0 1, 1 0 0)))@2000-01-01']);
                                                                              astext                                                                              
------------------------------------------------------------------------------------------------------------------------------------------------------------------
 {"POLYHEDRALSURFACE Z (((0 0 0,0 0 1,0 1 0,0 0 0)),((0 0 0,0 1 0,1 0 0,0 0 0)),((0 0 0,1 0 0,0 0 1,0 0 0)),((1 0 0,0 1 0,0 0 1,1 0 0)))@2000-01-01 00:00:00+00"}
(1 row)

SELECT asEWKT(tgeometry 'SRID=4326;Polygon((0 0, 1 0, 1 1, 0 1, 0 0))@2000-01-01');
                             asewkt                              
-----------------------------------------------------------------
 SRID=4326;POLYGON((0 0,1 0,1 1,0 1,0 0))@2000-01-01 00:00:00+00
(1 row)

SELECT asEWKT(tgeometry 'SRID=4326;Polyhedralsurface Z (((0 0 0, 0 0 1, 0 1 0, 0 0 0)),((0 0 0, 0 1 0, 1 0 0, 0 0 0)),((0 0 0, 1 0 0, 0 0 1, 0 0 0)),((1 0 0, 0 1 0, 0 0 1, 1 0 0)))@2000-01-01');
                                                                                 asewkt                                                                                 
------------------------------------------------------------------------------------------------------------------------------------------------------------------------
 SRID=4326;POLYHEDRALSURFACE Z (((0 0 0,0 0 1,0 1 0,0 0 0)),((0 0 0,0 1 0,1 0 0,0 0 0)),((0 0 0,1 0 0,0 0 1,0 0 0)),((1 0 0,0 1 0,0 0 1,1 0 0)))@2000-01-01 00:00:00+00
(1 row)

SELECT asEWKT('{}'::tgeometry[]);
 asewkt 
--------
 
(1 row)

SELECT asEWKT(ARRAY[tgeometry 'SRID=4326;Polygon((0 0, 1 0, 1 1, 0 1, 0 0))@2000-01-01']);
                               asewkt                                
---------------------------------------------------------------------
 {"SRID=4326;POLYGON((0 0,1 0,1 1,0 1,0 0))@2000-01-01 00:00:00+00"}
(1 row)

SELECT asEWKT(ARRAY[tgeometry 'SRID=4326;Polyhedralsurface Z (((0 0 0, 0 0 1, 0 1 0, 0 0 0)),((0 0 0, 0 1 0, 1 0 0, 0 0 0)),((0 0 0, 1 0 0, 0 0 1, 0 0 0)),((1 0 0, 0 1 0, 0 0 1, 1 0 0)))@2000-01-01']);
                                                                                   asewkt                                                                                   
----------------------------------------------------------------------------------------------------------------------------------------------------------------------------
 {"SRID=4326;POLYHEDRALSURFACE Z (((0 0 0,0 0 1,0 1 0,0 0 0)),((0 0 0,0 1 0,1 0 0,0 0 0)),((0 0 0,1 0 0,0 0 1,0 0 0)),((1 0 0,0 1 0,0 0 1,1 0 0)))@2000-01-01 00:00:00+00"}
(1 row)

