SELECT asText(trajectory(tgeometry 'Polygon((0 0, 1 0, 1 1, 0 1, 0 0))@2012-01-01 08:00:00'));
                astext                 
---------------------------------------
 POINT(0.5 0.5)@2012-01-01 08:00:00+00
(1 row)

SELECT asText(trajectory(tgeometry 'Polyhedralsurface Z (((0 0 0, 0 0 1, 0 1 0, 0 0 0)),((0 0 0, 0 1 0, 1 0 0, 0 0 0)),((0 0 0, 1 0 0, 0 0 1, 0 0 0)),((1 0 0, 0 1 0, 0 0 1, 1 0 0)))@2012-01-01 08:00:00'));
                     astext                      
-------------------------------------------------
 POINT Z (0.25 0.25 0.25)@2012-01-01 08:00:00+00
(1 row)

SELECT asText(trajectory(tgeometry '{Polygon((0 0, 1 0, 1 1, 0 1, 0 0))@2001-01-01 08:00:00,Polygon((1 0, 1 1, 0 1, 0 0, 1 0))@2001-01-01 08:05:00,Polygon((1 0, 2 0, 2 1, 1 1, 1 0))@2001-01-01 08:06:00}'));
                                                        astext                                                         
-----------------------------------------------------------------------------------------------------------------------
 {POINT(0.5 0.5)@2001-01-01 08:00:00+00, POINT(0.5 0.5)@2001-01-01 08:05:00+00, POINT(1.5 0.5)@2001-01-01 08:06:00+00}
(1 row)

SELECT asText(trajectory(tgeometry '{Polyhedralsurface Z (((0 0 0, 0 0 1, 0 1 0, 0 0 0)),((0 0 0, 0 1 0, 1 0 0, 0 0 0)),((0 0 0, 1 0 0, 0 0 1, 0 0 0)),((1 0 0, 0 1 0, 0 0 1, 1 0 0)))@2001-01-01 08:00:00,Polyhedralsurface Z (((0 0 0,0 -1 0,0 0 1,0 0 0)),((0 0 0,0 0 1,1 0 0,0 0 0)),((0 0 0,1 0 0,0 -1 0,0 0 0)),((1 0 0,0 0 1,0 -1 0,1 0 0)))@2001-01-01 08:05:00,Polyhedralsurface Z (((0 0 0,0 0 -1,0 -1 0,0 0 0)),((0 0 0,0 -1 0,1 0 0,0 0 0)),((0 0 0,1 0 0,0 0 -1,0 0 0)),((1 0 0,0 -1 0,0 0 -1,1 0 0)))@2001-01-01 08:06:00}'));
                                                                         astext                                                                         
--------------------------------------------------------------------------------------------------------------------------------------------------------
 {POINT Z (0.25 0.25 0.25)@2001-01-01 08:00:00+00, POINT Z (0.25 -0.25 0.25)@2001-01-01 08:05:00+00, POINT Z (0.25 -0.25 -0.25)@2001-01-01 08:06:00+00}
(1 row)

SELECT asText(trajectory(tgeometry '[Polygon((0 0, 1 0, 1 1, 0 1, 0 0))@2001-01-01 08:00:00,Polygon((1 0, 1 1, 0 1, 0 0, 1 0))@2001-01-01 08:05:00,Polygon((1 1, 0 1, 0 0, 1 0, 1 1))@2001-01-01 08:06:00]'));
                                     astext                                     
--------------------------------------------------------------------------------
 [POINT(0.5 0.5)@2001-01-01 08:00:00+00, POINT(0.5 0.5)@2001-01-01 08:06:00+00]
(1 row)

SELECT asText(trajectory(tgeometry '[Polyhedralsurface Z (((0 0 0, 0 0 1, 0 1 0, 0 0 0)),((0 0 0, 0 1 0, 1 0 0, 0 0 0)),((0 0 0, 1 0 0, 0 0 1, 0 0 0)),((1 0 0, 0 1 0, 0 0 1, 1 0 0)))@2001-01-01 08:00:00,Polyhedralsurface Z (((0 0 0,0 -1 0,0 0 1,0 0 0)),((0 0 0,0 0 1,1 0 0,0 0 0)),((0 0 0,1 0 0,0 -1 0,0 0 0)),((1 0 0,0 0 1,0 -1 0,1 0 0)))@2001-01-01 08:05:00,Polyhedralsurface Z (((0 0 0,0 0 -1,0 -1 0,0 0 0)),((0 0 0,0 -1 0,1 0 0,0 0 0)),((0 0 0,1 0 0,0 0 -1,0 0 0)),((1 0 0,0 -1 0,0 0 -1,1 0 0)))@2001-01-01 08:06:00]'));
                                                                         astext                                                                         
--------------------------------------------------------------------------------------------------------------------------------------------------------
 [POINT Z (0.25 0.25 0.25)@2001-01-01 08:00:00+00, POINT Z (0.25 -0.25 0.25)@2001-01-01 08:05:00+00, POINT Z (0.25 -0.25 -0.25)@2001-01-01 08:06:00+00]
(1 row)

SELECT asText(trajectory(tgeometry '{[Polygon((0 0, 1 0, 1 1, 0 1, 0 0))@2001-01-01 08:00:00,Polygon((1 0, 1 1, 0 1, 0 0, 1 0))@2001-01-01 08:05:00,Polygon((1 1, 0 1, 0 0, 1 0, 1 1))@2001-01-01 08:06:00], [Polygon((0 0, 1 0, 1 1, 0 1, 0 0))@2001-01-01 09:00:00,Polygon((1 0, 1 1, 0 1, 0 0, 1 0))@2001-01-01 09:05:00,Polygon((0 0, 1 0, 1 1, 0 1, 0 0))@2001-01-01 09:06:00]}'));
                                                                              astext                                                                              
------------------------------------------------------------------------------------------------------------------------------------------------------------------
 {[POINT(0.5 0.5)@2001-01-01 08:00:00+00, POINT(0.5 0.5)@2001-01-01 08:06:00+00], [POINT(0.5 0.5)@2001-01-01 09:00:00+00, POINT(0.5 0.5)@2001-01-01 09:06:00+00]}
(1 row)

SELECT asText(trajectory(tgeometry '{[Polyhedralsurface Z (((0 0 0,0 0 1,0 1 0,0 0 0)),((0 0 0,0 1 0,1 0 0,0 0 0)),((0 0 0,1 0 0,0 0 1,0 0 0)),((1 0 0,0 1 0,0 0 1,1 0 0)))@2001-01-01 08:00:00,Polyhedralsurface Z (((0 0 0,0 -1 0,0 0 1,0 0 0)),((0 0 0,0 0 1,1 0 0,0 0 0)),((0 0 0,1 0 0,0 -1 0,0 0 0)),((1 0 0,0 0 1,0 -1 0,1 0 0)))@2001-01-01 08:05:00,Polyhedralsurface Z (((0 0 0,0 0 -1,0 -1 0,0 0 0)),((0 0 0,0 -1 0,1 0 0,0 0 0)),((0 0 0,1 0 0,0 0 -1,0 0 0)),((1 0 0,0 -1 0,0 0 -1,1 0 0)))@2001-01-01 08:06:00], [Polyhedralsurface Z (((0 0 0,0 0 -1,0 -1 0,0 0 0)),((0 0 0,0 -1 0,1 0 0,0 0 0)),((0 0 0,1 0 0,0 0 -1,0 0 0)),((1 0 0,0 -1 0,0 0 -1,1 0 0)))@2001-01-01 09:00:00,Polyhedralsurface Z (((1 0 0,1 0 1,1 1 0,1 0 0)),((1 0 0,1 1 0,2 0 0,1 0 0)),((1 0 0,2 0 0,1 0 1,1 0 0)),((2 0 0,1 1 0,1 0 1,2 0 0)))@2001-01-01 09:05:00,Polyhedralsurface Z (((0 0 0,0 -1 0,0 0 1,0 0 0)),((0 0 0,0 0 1,1 0 0,0 0 0)),((0 0 0,1 0 0,0 -1 0,0 0 0)),((1 0 0,0 0 1,0 -1 0,1 0 0)))@2001-01-01 09:06:00]}'));
                                                                                                                                                      astext                                                                                                                                                      
------------------------------------------------------------------------------------------------------------------------------------------------------------------------------------------------------------------------------------------------------------------------------------------------------------------
 {[POINT Z (0.25 0.25 0.25)@2001-01-01 08:00:00+00, POINT Z (0.25 -0.25 0.25)@2001-01-01 08:05:00+00, POINT Z (0.25 -0.25 -0.25)@2001-01-01 08:06:00+00], [POINT Z (0.25 -0.25 -0.25)@2001-01-01 09:00:00+00, POINT Z (1.25 0.25 0.25)@2001-01-01 09:05:00+00, POINT Z (0.25 -0.25 0.25)@2001-01-01 09:06:00+00]}
(1 row)

SELECT asText(trajectory(tgeometry 'Polygon((0 0, 1 0, 1 1, 0 1, 0 0))@2012-01-01 08:00:00', tgeompoint 'Point(0.2 0.2)@2012-01-01 08:00:00'));
                astext                 
---------------------------------------
 POINT(0.2 0.2)@2012-01-01 08:00:00+00
(1 row)

SELECT asText(trajectory(tgeometry 'Polyhedralsurface Z (((0 0 0, 0 0 1, 0 1 0, 0 0 0)),((0 0 0, 0 1 0, 1 0 0, 0 0 0)),((0 0 0, 1 0 0, 0 0 1, 0 0 0)),((1 0 0, 0 1 0, 0 0 1, 1 0 0)))@2012-01-01 08:00:00', tgeompoint 'Point(0.2 0.2 0.2)@2012-01-01 08:00:00'));
                    astext                    
----------------------------------------------
 POINT Z (0.2 0.2 0.2)@2012-01-01 08:00:00+00
(1 row)

SELECT asText(trajectory(tgeometry '{Polygon((0 0, 1 0, 1 1, 0 1, 0 0))@2001-01-01 08:00:00,Polygon((1 0, 1 1, 0 1, 0 0, 1 0))@2001-01-01 08:05:00,Polygon((1 0, 2 0, 2 1, 1 1, 1 0))@2001-01-01 08:06:00}', tgeompoint 'Point(0.2 0.2)@2001-01-01 08:05:00'));
                                                        astext                                                         
-----------------------------------------------------------------------------------------------------------------------
 {POINT(0.2 0.8)@2001-01-01 08:00:00+00, POINT(0.2 0.2)@2001-01-01 08:05:00+00, POINT(1.2 0.8)@2001-01-01 08:06:00+00}
(1 row)

SELECT asText(trajectory(tgeometry '{Polyhedralsurface Z (((0 0 0, 0 0 1, 0 1 0, 0 0 0)),((0 0 0, 0 1 0, 1 0 0, 0 0 0)),((0 0 0, 1 0 0, 0 0 1, 0 0 0)),((1 0 0, 0 1 0, 0 0 1, 1 0 0)))@2001-01-01 08:00:00,Polyhedralsurface Z (((0 0 0,0 -1 0,0 0 1,0 0 0)),((0 0 0,0 0 1,1 0 0,0 0 0)),((0 0 0,1 0 0,0 -1 0,0 0 0)),((1 0 0,0 0 1,0 -1 0,1 0 0)))@2001-01-01 08:05:00,Polyhedralsurface Z (((0 0 0,0 0 -1,0 -1 0,0 0 0)),((0 0 0,0 -1 0,1 0 0,0 0 0)),((0 0 0,1 0 0,0 0 -1,0 0 0)),((1 0 0,0 -1 0,0 0 -1,1 0 0)))@2001-01-01 08:06:00}', tgeompoint 'Point(0.2 -0.2 0.2)@2001-01-01 08:05:00'));
                                                                                  astext                                                                                   
---------------------------------------------------------------------------------------------------------------------------------------------------------------------------
 {POINT Z (0.2 0.2 0.2)@2001-01-01 08:00:00+00, POINT Z (0.2 -0.2 0.2)@2001-01-01 08:05:00+00, POINT Z (0.2 -0.199999999254942 -0.200000000745058)@2001-01-01 08:06:00+00}
(1 row)

SELECT asText(trajectory(tgeometry '[Polygon((0 0, 1 0, 1 1, 0 1, 0 0))@2001-01-01 08:00:00,Polygon((1 0, 1 1, 0 1, 0 0, 1 0))@2001-01-01 08:05:00,Polygon((1 1, 0 1, 0 0, 1 0, 1 1))@2001-01-01 08:06:00]', tgeompoint 'Point(0.2 0.2)@2001-01-01 08:02:30'));
                                                                             astext                                                                              
-----------------------------------------------------------------------------------------------------------------------------------------------------------------
 [POINT(0.075735931288072 0.5)@2001-01-01 08:00:00+00, POINT(0.5 0.075735931288072)@2001-01-01 08:05:00+00, POINT(0.924264068711928 0.5)@2001-01-01 08:06:00+00]
(1 row)

SELECT asText(trajectory(tgeometry '[Polyhedralsurface Z (((0 0 0, 0 0 1, 0 1 0, 0 0 0)),((0 0 0, 0 1 0, 1 0 0, 0 0 0)),((0 0 0, 1 0 0, 0 0 1, 0 0 0)),((1 0 0, 0 1 0, 0 0 1, 1 0 0)))@2001-01-01 08:00:00,Polyhedralsurface Z (((0 0 0,0 -1 0,0 0 1,0 0 0)),((0 0 0,0 0 1,1 0 0,0 0 0)),((0 0 0,1 0 0,0 -1 0,0 0 0)),((1 0 0,0 0 1,0 -1 0,1 0 0)))@2001-01-01 08:05:00,Polyhedralsurface Z (((0 0 0,0 0 -1,0 -1 0,0 0 0)),((0 0 0,0 -1 0,1 0 0,0 0 0)),((0 0 0,1 0 0,0 0 -1,0 0 0)),((1 0 0,0 -1 0,0 0 -1,1 0 0)))@2001-01-01 08:06:00]', tgeompoint 'Point(0.2 0 0.2)@2001-01-01 08:02:30'));
                                                                                                              astext                                                                                                               
-----------------------------------------------------------------------------------------------------------------------------------------------------------------------------------------------------------------------------------
 [POINT Z (0.2 0.214644660940673 0.214644660940673)@2001-01-01 08:00:00+00, POINT Z (0.2 -0.214644660940673 0.214644660940673)@2001-01-01 08:05:00+00, POINT Z (0.2 -0.214644660413837 -0.214644661467508)@2001-01-01 08:06:00+00]
(1 row)

SELECT asText(trajectory(tgeometry '{[Polygon((0 0, 1 0, 1 1, 0 1, 0 0))@2001-01-01 08:00:00,Polygon((1 0, 1 1, 0 1, 0 0, 1 0))@2001-01-01 08:05:00,Polygon((1 1, 0 1, 0 0, 1 0, 1 1))@2001-01-01 08:06:00], [Polygon((1 0, 1 1, 0 1, 0 0, 1 0))@2001-01-01 09:00:00,Polygon((1 0, 1 1, 0 1, 0 0, 1 0))@2001-01-01 09:05:00,Polygon((0 0, 1 0, 1 1, 0 1, 0 0))@2001-01-01 09:06:00]}', tgeompoint 'Point(0.2 0.2)@2001-01-01 08:02:30'));
                                                                                                                                                               astext                                                                                                                                                               
------------------------------------------------------------------------------------------------------------------------------------------------------------------------------------------------------------------------------------------------------------------------------------------------------------------------------------
 {[POINT(0.075735931288072 0.5)@2001-01-01 08:00:00+00, POINT(0.5 0.075735931288072)@2001-01-01 08:05:00+00, POINT(0.924264068711928 0.5)@2001-01-01 08:06:00+00], [POINT(0.5 0.075735931288072)@2001-01-01 09:00:00+00, POINT(0.5 0.075735931288072)@2001-01-01 09:05:00+00, POINT(0.075735931288072 0.5)@2001-01-01 09:06:00+00]}
(1 row)

SELECT asText(trajectory(tgeometry '{[Polygon((0 0, 1 0, 1 1, 0 1, 0 0))@2001-01-01 08:00:00,Polygon((1 0, 1 1, 0 1, 0 0, 1 0))@2001-01-01 08:05:00,Polygon((1 1, 0 1, 0 0, 1 0, 1 1))@2001-01-01 08:06:00], [Polygon((0 0, 1 0, 1 1, 0 1, 0 0))@2001-01-01 09:00:00,Polygon((1 0, 1 1, 0 1, 0 0, 1 0))@2001-01-01 09:05:00,Polygon((0 0, 1 0, 1 1, 0 1, 0 0))@2001-01-01 09:06:00]}', tgeompoint 'Point(0.2 0.2)@2001-01-01 09:05:30'));
                                                                                                                                                               astext                                                                                                                                                               
------------------------------------------------------------------------------------------------------------------------------------------------------------------------------------------------------------------------------------------------------------------------------------------------------------------------------------
 {[POINT(0.075735931288072 0.5)@2001-01-01 08:00:00+00, POINT(0.5 0.075735931288072)@2001-01-01 08:05:00+00, POINT(0.924264068711928 0.5)@2001-01-01 08:06:00+00], [POINT(0.075735931288072 0.5)@2001-01-01 09:00:00+00, POINT(0.5 0.075735931288072)@2001-01-01 09:05:00+00, POINT(0.075735931288072 0.5)@2001-01-01 09:06:00+00]}
(1 row)

SELECT asText(trajectory(tgeometry '{[Polyhedralsurface Z (((0 0 0,0 0 1,0 1 0,0 0 0)),((0 0 0,0 1 0,1 0 0,0 0 0)),((0 0 0,1 0 0,0 0 1,0 0 0)),((1 0 0,0 1 0,0 0 1,1 0 0)))@2001-01-01 08:00:00,Polyhedralsurface Z (((0 0 0,0 -1 0,0 0 1,0 0 0)),((0 0 0,0 0 1,1 0 0,0 0 0)),((0 0 0,1 0 0,0 -1 0,0 0 0)),((1 0 0,0 0 1,0 -1 0,1 0 0)))@2001-01-01 08:05:00,Polyhedralsurface Z (((0 0 0,0 0 -1,0 -1 0,0 0 0)),((0 0 0,0 -1 0,1 0 0,0 0 0)),((0 0 0,1 0 0,0 0 -1,0 0 0)),((1 0 0,0 -1 0,0 0 -1,1 0 0)))@2001-01-01 08:06:00], [Polyhedralsurface Z (((0 0 0,0 0 -1,0 -1 0,0 0 0)),((0 0 0,0 -1 0,1 0 0,0 0 0)),((0 0 0,1 0 0,0 0 -1,0 0 0)),((1 0 0,0 -1 0,0 0 -1,1 0 0)))@2001-01-01 09:00:00,Polyhedralsurface Z (((1 0 0,1 0 1,1 1 0,1 0 0)),((1 0 0,1 1 0,2 0 0,1 0 0)),((1 0 0,2 0 0,1 0 1,1 0 0)),((2 0 0,1 1 0,1 0 1,2 0 0)))@2001-01-01 09:05:00,Polyhedralsurface Z (((0 0 0,0 -1 0,0 0 1,0 0 0)),((0 0 0,0 0 1,1 0 0,0 0 0)),((0 0 0,1 0 0,0 -1 0,0 0 0)),((1 0 0,0 0 1,0 -1 0,1 0 0)))@2001-01-01 09:06:00]}', tgeompoint 'Point(0.2 0 0.2)@2001-01-01 08:02:30'));
                                                                                                                                                                                                                                 astext                                                                                                                                                                                                                                 
------------------------------------------------------------------------------------------------------------------------------------------------------------------------------------------------------------------------------------------------------------------------------------------------------------------------------------------------------------------------------------------------------------------------------------------------------------------------
 {[POINT Z (0.2 0.214644660940673 0.214644660940673)@2001-01-01 08:00:00+00, POINT Z (0.2 -0.214644660940673 0.214644660940673)@2001-01-01 08:05:00+00, POINT Z (0.2 -0.214644660413837 -0.214644661467508)@2001-01-01 08:06:00+00], [POINT Z (0.2 -0.214644661467508 -0.214644660413837)@2001-01-01 09:00:00+00, POINT Z (1.2 0.214644660940673 0.214644660940673)@2001-01-01 09:05:00+00, POINT Z (0.2 -0.214644660413837 0.214644661467508)@2001-01-01 09:06:00+00]}
(1 row)

SELECT asText(trajectory(tgeometry '{[Polyhedralsurface Z (((0 0 0,0 0 1,0 1 0,0 0 0)),((0 0 0,0 1 0,1 0 0,0 0 0)),((0 0 0,1 0 0,0 0 1,0 0 0)),((1 0 0,0 1 0,0 0 1,1 0 0)))@2001-01-01 08:00:00,Polyhedralsurface Z (((0 0 0,0 -1 0,0 0 1,0 0 0)),((0 0 0,0 0 1,1 0 0,0 0 0)),((0 0 0,1 0 0,0 -1 0,0 0 0)),((1 0 0,0 0 1,0 -1 0,1 0 0)))@2001-01-01 08:05:00,Polyhedralsurface Z (((0 0 0,0 0 -1,0 -1 0,0 0 0)),((0 0 0,0 -1 0,1 0 0,0 0 0)),((0 0 0,1 0 0,0 0 -1,0 0 0)),((1 0 0,0 -1 0,0 0 -1,1 0 0)))@2001-01-01 08:06:00], [Polyhedralsurface Z (((0 0 0,0 0 -1,0 -1 0,0 0 0)),((0 0 0,0 -1 0,1 0 0,0 0 0)),((0 0 0,1 0 0,0 0 -1,0 0 0)),((1 0 0,0 -1 0,0 0 -1,1 0 0)))@2001-01-01 09:00:00,Polyhedralsurface Z (((1 0 0,1 0 1,1 1 0,1 0 0)),((1 0 0,1 1 0,2 0 0,1 0 0)),((1 0 0,2 0 0,1 0 1,1 0 0)),((2 0 0,1 1 0,1 0 1,2 0 0)))@2001-01-01 09:05:00,Polyhedralsurface Z (((0 0 0,0 -1 0,0 0 1,0 0 0)),((0 0 0,0 0 1,1 0 0,0 0 0)),((0 0 0,1 0 0,0 -1 0,0 0 0)),((1 0 0,0 0 1,0 -1 0,1 0 0)))@2001-01-01 09:06:00]}', tgeompoint 'Point(0.7 0 0.2)@2001-01-01 09:05:30'));
                                                                                                                                                                                                                               astext                                                                                                                                                                                                                               
--------------------------------------------------------------------------------------------------------------------------------------------------------------------------------------------------------------------------------------------------------------------------------------------------------------------------------------------------------------------------------------------------------------------------------------------------------------------
 {[POINT Z (0.2 0.214644661730926 0.214644660150419)@2001-01-01 08:00:00+00, POINT Z (0.2 -0.214644660150419 0.214644661730926)@2001-01-01 08:05:00+00, POINT Z (0.2 -0.21464466120409 -0.214644660677255)@2001-01-01 08:06:00+00], [POINT Z (0.2 -0.21464466120409 -0.214644660677255)@2001-01-01 09:00:00+00, POINT Z (1.2 0.214644660677255 0.21464466120409)@2001-01-01 09:05:00+00, POINT Z (0.2 -0.214644660677255 0.21464466120409)@2001-01-01 09:06:00+00]}
(1 row)

/* Errors */
SELECT asText(trajectory(tgeometry 'Polygon((0 0, 1 0, 1 1, 0 1, 0 0))@2012-01-01 08:00:00', tgeompoint 'Point(1.2 1.2)@2012-01-01 08:00:00'));
ERROR:  The temporal point is not part of the temporal geometry
SELECT asText(trajectory(tgeometry 'Polygon((0 0, 1 0, 1 1, 0 1, 0 0))@2012-01-01 08:00:00', tgeompoint 'Point(0.2 0.2)@2012-01-01 08:02:00'));
ERROR:  The temporal point is not part of the temporal geometry
SELECT asText(trajectory(tgeometry 'Polyhedralsurface Z (((0 0 0, 0 0 1, 0 1 0, 0 0 0)),((0 0 0, 0 1 0, 1 0 0, 0 0 0)),((0 0 0, 1 0 0, 0 0 1, 0 0 0)),((1 0 0, 0 1 0, 0 0 1, 1 0 0)))@2012-01-01 08:00:00', tgeompoint 'Point(1.2 1.2 1.2)@2012-01-01 08:00:00'));
ERROR:  The temporal point is not part of the temporal geometry
SELECT asText(trajectory(tgeometry 'Polyhedralsurface Z (((0 0 0, 0 0 1, 0 1 0, 0 0 0)),((0 0 0, 0 1 0, 1 0 0, 0 0 0)),((0 0 0, 1 0 0, 0 0 1, 0 0 0)),((1 0 0, 0 1 0, 0 0 1, 1 0 0)))@2012-01-01 08:00:00', tgeompoint 'Point(0.2 0.2 0.2)@2012-01-01 08:02:00'));
ERROR:  The temporal point is not part of the temporal geometry
SELECT asText(trajectory(tgeometry '{Polygon((0 0, 1 0, 1 1, 0 1, 0 0))@2001-01-01 08:00:00,Polygon((1 0, 1 1, 0 1, 0 0, 1 0))@2001-01-01 08:05:00,Polygon((1 0, 2 0, 2 1, 1 1, 1 0))@2001-01-01 08:06:00}', tgeompoint 'Point(1.2 1.2)@2001-01-01 08:05:00'));
ERROR:  The temporal point is not part of the temporal geometry
SELECT asText(trajectory(tgeometry '{Polygon((0 0, 1 0, 1 1, 0 1, 0 0))@2001-01-01 08:00:00,Polygon((1 0, 1 1, 0 1, 0 0, 1 0))@2001-01-01 08:05:00,Polygon((1 0, 2 0, 2 1, 1 1, 1 0))@2001-01-01 08:06:00}', tgeompoint 'Point(0.2 0.2)@2001-01-01 08:04:00'));
ERROR:  The temporal point is not part of the temporal geometry
SELECT asText(trajectory(tgeometry '{Polyhedralsurface Z (((0 0 0, 0 0 1, 0 1 0, 0 0 0)),((0 0 0, 0 1 0, 1 0 0, 0 0 0)),((0 0 0, 1 0 0, 0 0 1, 0 0 0)),((1 0 0, 0 1 0, 0 0 1, 1 0 0)))@2001-01-01 08:00:00,Polyhedralsurface Z (((0 0 0,0 -1 0,0 0 1,0 0 0)),((0 0 0,0 0 1,1 0 0,0 0 0)),((0 0 0,1 0 0,0 -1 0,0 0 0)),((1 0 0,0 0 1,0 -1 0,1 0 0)))@2001-01-01 08:05:00,Polyhedralsurface Z (((0 0 0,0 0 -1,0 -1 0,0 0 0)),((0 0 0,0 -1 0,1 0 0,0 0 0)),((0 0 0,1 0 0,0 0 -1,0 0 0)),((1 0 0,0 -1 0,0 0 -1,1 0 0)))@2001-01-01 08:06:00}', tgeompoint 'Point(1.2 1.2 1.2)@2001-01-01 08:05:00'));
ERROR:  The temporal point is not part of the temporal geometry
SELECT asText(trajectory(tgeometry '{Polyhedralsurface Z (((0 0 0, 0 0 1, 0 1 0, 0 0 0)),((0 0 0, 0 1 0, 1 0 0, 0 0 0)),((0 0 0, 1 0 0, 0 0 1, 0 0 0)),((1 0 0, 0 1 0, 0 0 1, 1 0 0)))@2001-01-01 08:00:00,Polyhedralsurface Z (((0 0 0,0 -1 0,0 0 1,0 0 0)),((0 0 0,0 0 1,1 0 0,0 0 0)),((0 0 0,1 0 0,0 -1 0,0 0 0)),((1 0 0,0 0 1,0 -1 0,1 0 0)))@2001-01-01 08:05:00,Polyhedralsurface Z (((0 0 0,0 0 -1,0 -1 0,0 0 0)),((0 0 0,0 -1 0,1 0 0,0 0 0)),((0 0 0,1 0 0,0 0 -1,0 0 0)),((1 0 0,0 -1 0,0 0 -1,1 0 0)))@2001-01-01 08:06:00}', tgeompoint 'Point(0.2 0.2 0.2)@2001-01-01 08:04:00'));
ERROR:  The temporal point is not part of the temporal geometry
SELECT asText(trajectory(tgeometry '[Polygon((0 0, 1 0, 1 1, 0 1, 0 0))@2001-01-01 08:00:00,Polygon((1 0, 1 1, 0 1, 0 0, 1 0))@2001-01-01 08:05:00,Polygon((1 1, 0 1, 0 0, 1 0, 1 1))@2001-01-01 08:06:00]', tgeompoint 'Point(1.2 1.2)@2001-01-01 08:02:30'));
ERROR:  The temporal point is not part of the temporal geometry
SELECT asText(trajectory(tgeometry '[Polygon((0 0, 1 0, 1 1, 0 1, 0 0))@2001-01-01 08:00:00,Polygon((1 0, 1 1, 0 1, 0 0, 1 0))@2001-01-01 08:05:00,Polygon((1 1, 0 1, 0 0, 1 0, 1 1))@2001-01-01 08:06:00]', tgeompoint 'Point(0.2 0.2)@2001-01-01 08:08:30'));
ERROR:  The temporal point is not part of the temporal geometry
SELECT asText(trajectory(tgeometry '[Polyhedralsurface Z (((0 0 0, 0 0 1, 0 1 0, 0 0 0)),((0 0 0, 0 1 0, 1 0 0, 0 0 0)),((0 0 0, 1 0 0, 0 0 1, 0 0 0)),((1 0 0, 0 1 0, 0 0 1, 1 0 0)))@2001-01-01 08:00:00,Polyhedralsurface Z (((0 0 0,0 -1 0,0 0 1,0 0 0)),((0 0 0,0 0 1,1 0 0,0 0 0)),((0 0 0,1 0 0,0 -1 0,0 0 0)),((1 0 0,0 0 1,0 -1 0,1 0 0)))@2001-01-01 08:05:00,Polyhedralsurface Z (((0 0 0,0 0 -1,0 -1 0,0 0 0)),((0 0 0,0 -1 0,1 0 0,0 0 0)),((0 0 0,1 0 0,0 0 -1,0 0 0)),((1 0 0,0 -1 0,0 0 -1,1 0 0)))@2001-01-01 08:06:00]', tgeompoint 'Point(1.2 0 1.2)@2001-01-01 08:02:30'));
ERROR:  The temporal point is not part of the temporal geometry
SELECT asText(trajectory(tgeometry '[Polyhedralsurface Z (((0 0 0, 0 0 1, 0 1 0, 0 0 0)),((0 0 0, 0 1 0, 1 0 0, 0 0 0)),((0 0 0, 1 0 0, 0 0 1, 0 0 0)),((1 0 0, 0 1 0, 0 0 1, 1 0 0)))@2001-01-01 08:00:00,Polyhedralsurface Z (((0 0 0,0 -1 0,0 0 1,0 0 0)),((0 0 0,0 0 1,1 0 0,0 0 0)),((0 0 0,1 0 0,0 -1 0,0 0 0)),((1 0 0,0 0 1,0 -1 0,1 0 0)))@2001-01-01 08:05:00,Polyhedralsurface Z (((0 0 0,0 0 -1,0 -1 0,0 0 0)),((0 0 0,0 -1 0,1 0 0,0 0 0)),((0 0 0,1 0 0,0 0 -1,0 0 0)),((1 0 0,0 -1 0,0 0 -1,1 0 0)))@2001-01-01 08:06:00]', tgeompoint 'Point(0.2 0 0.2)@2001-01-01 08:08:30'));
ERROR:  The temporal point is not part of the temporal geometry
SELECT asText(trajectory(tgeometry '{[Polygon((0 0, 1 0, 1 1, 0 1, 0 0))@2001-01-01 08:00:00,Polygon((1 0, 1 1, 0 1, 0 0, 1 0))@2001-01-01 08:05:00,Polygon((1 1, 0 1, 0 0, 1 0, 1 1))@2001-01-01 08:06:00], [Polygon((1 0, 1 1, 0 1, 0 0, 1 0))@2001-01-01 09:00:00,Polygon((1 0, 1 1, 0 1, 0 0, 1 0))@2001-01-01 09:05:00,Polygon((0 0, 1 0, 1 1, 0 1, 0 0))@2001-01-01 09:06:00]}', tgeompoint 'Point(1.2 1.2)@2001-01-01 08:02:30'));
ERROR:  The temporal point is not part of the temporal geometry
SELECT asText(trajectory(tgeometry '{[Polygon((0 0, 1 0, 1 1, 0 1, 0 0))@2001-01-01 08:00:00,Polygon((1 0, 1 1, 0 1, 0 0, 1 0))@2001-01-01 08:05:00,Polygon((1 1, 0 1, 0 0, 1 0, 1 1))@2001-01-01 08:06:00], [Polygon((0 0, 1 0, 1 1, 0 1, 0 0))@2001-01-01 09:00:00,Polygon((1 0, 1 1, 0 1, 0 0, 1 0))@2001-01-01 09:05:00,Polygon((0 0, 1 0, 1 1, 0 1, 0 0))@2001-01-01 09:06:00]}', tgeompoint 'Point(0.2 2.2)@2001-01-01 08:05:30'));
ERROR:  The temporal point is not part of the temporal geometry
SELECT asText(trajectory(tgeometry '{[Polyhedralsurface Z (((0 0 0,0 0 1,0 1 0,0 0 0)),((0 0 0,0 1 0,1 0 0,0 0 0)),((0 0 0,1 0 0,0 0 1,0 0 0)),((1 0 0,0 1 0,0 0 1,1 0 0)))@2001-01-01 08:00:00,Polyhedralsurface Z (((0 0 0,0 -1 0,0 0 1,0 0 0)),((0 0 0,0 0 1,1 0 0,0 0 0)),((0 0 0,1 0 0,0 -1 0,0 0 0)),((1 0 0,0 0 1,0 -1 0,1 0 0)))@2001-01-01 08:05:00,Polyhedralsurface Z (((0 0 0,0 0 -1,0 -1 0,0 0 0)),((0 0 0,0 -1 0,1 0 0,0 0 0)),((0 0 0,1 0 0,0 0 -1,0 0 0)),((1 0 0,0 -1 0,0 0 -1,1 0 0)))@2001-01-01 08:06:00], [Polyhedralsurface Z (((0 0 0,0 0 -1,0 -1 0,0 0 0)),((0 0 0,0 -1 0,1 0 0,0 0 0)),((0 0 0,1 0 0,0 0 -1,0 0 0)),((1 0 0,0 -1 0,0 0 -1,1 0 0)))@2001-01-01 09:00:00,Polyhedralsurface Z (((1 0 0,1 0 1,1 1 0,1 0 0)),((1 0 0,1 1 0,2 0 0,1 0 0)),((1 0 0,2 0 0,1 0 1,1 0 0)),((2 0 0,1 1 0,1 0 1,2 0 0)))@2001-01-01 09:05:00,Polyhedralsurface Z (((0 0 0,0 -1 0,0 0 1,0 0 0)),((0 0 0,0 0 1,1 0 0,0 0 0)),((0 0 0,1 0 0,0 -1 0,0 0 0)),((1 0 0,0 0 1,0 -1 0,1 0 0)))@2001-01-01 09:06:00]}', tgeompoint 'Point(0.2 0 0.2)@2001-01-01 08:08:30'));
ERROR:  The temporal point is not part of the temporal geometry
SELECT asText(trajectory(tgeometry '{[Polyhedralsurface Z (((0 0 0,0 0 1,0 1 0,0 0 0)),((0 0 0,0 1 0,1 0 0,0 0 0)),((0 0 0,1 0 0,0 0 1,0 0 0)),((1 0 0,0 1 0,0 0 1,1 0 0)))@2001-01-01 08:00:00,Polyhedralsurface Z (((0 0 0,0 -1 0,0 0 1,0 0 0)),((0 0 0,0 0 1,1 0 0,0 0 0)),((0 0 0,1 0 0,0 -1 0,0 0 0)),((1 0 0,0 0 1,0 -1 0,1 0 0)))@2001-01-01 08:05:00,Polyhedralsurface Z (((0 0 0,0 0 -1,0 -1 0,0 0 0)),((0 0 0,0 -1 0,1 0 0,0 0 0)),((0 0 0,1 0 0,0 0 -1,0 0 0)),((1 0 0,0 -1 0,0 0 -1,1 0 0)))@2001-01-01 08:06:00], [Polyhedralsurface Z (((0 0 0,0 0 -1,0 -1 0,0 0 0)),((0 0 0,0 -1 0,1 0 0,0 0 0)),((0 0 0,1 0 0,0 0 -1,0 0 0)),((1 0 0,0 -1 0,0 0 -1,1 0 0)))@2001-01-01 09:00:00,Polyhedralsurface Z (((1 0 0,1 0 1,1 1 0,1 0 0)),((1 0 0,1 1 0,2 0 0,1 0 0)),((1 0 0,2 0 0,1 0 1,1 0 0)),((2 0 0,1 1 0,1 0 1,2 0 0)))@2001-01-01 09:05:00,Polyhedralsurface Z (((0 0 0,0 -1 0,0 0 1,0 0 0)),((0 0 0,0 0 1,1 0 0,0 0 0)),((0 0 0,1 0 0,0 -1 0,0 0 0)),((1 0 0,0 0 1,0 -1 0,1 0 0)))@2001-01-01 09:06:00]}', tgeompoint 'Point(0.2 0 0.2)@2001-01-01 09:05:30'));
ERROR:  The temporal point is not part of the temporal geometry
SELECT asText(trajectory(tgeometry '[Polygon((0 0, 1 0, 1 1, 0 1, 0 0))@2001-01-01 08:00:00,Polygon((1 0, 1 1, 0 1, 0 0, 1 0))@2001-01-01 08:05:00,Polygon((1 1, 0 1, 0 0, 1 0, 1 1))@2001-01-01 08:06:00]', tgeompoint 'Point(0.2 0.2)@2001-01-01 08:02:30', 2));
                                                                                                                                                                                                                   astext                                                                                                                                                                                                                    
---------------------------------------------------------------------------------------------------------------------------------------------------------------------------------------------------------------------------------------------------------------------------------------------------------------------------------------------------------------------------------------------------------------------------------------------
 [POINT(0.075735931288072 0.5)@2001-01-01 08:00:00+00, POINT(0.132576538582523 0.287867965644036)@2001-01-01 08:01:40+00, POINT(0.287867965644036 0.132576538582523)@2001-01-01 08:03:20+00, POINT(0.5 0.075735931288072)@2001-01-01 08:05:00+00, POINT(0.712132034355964 0.132576538582523)@2001-01-01 08:05:20+00, POINT(0.867423461417477 0.287867965644036)@2001-01-01 08:05:40+00, POINT(0.924264068711928 0.5)@2001-01-01 08:06:00+00]
(1 row)

SELECT asText(trajectory(tgeometry '[Polyhedralsurface Z (((0 0 0, 0 0 1, 0 1 0, 0 0 0)),((0 0 0, 0 1 0, 1 0 0, 0 0 0)),((0 0 0, 1 0 0, 0 0 1, 0 0 0)),((1 0 0, 0 1 0, 0 0 1, 1 0 0)))@2001-01-01 08:00:00,Polyhedralsurface Z (((0 0 0,0 -1 0,0 0 1,0 0 0)),((0 0 0,0 0 1,1 0 0,0 0 0)),((0 0 0,1 0 0,0 -1 0,0 0 0)),((1 0 0,0 0 1,0 -1 0,1 0 0)))@2001-01-01 08:05:00,Polyhedralsurface Z (((0 0 0,0 0 -1,0 -1 0,0 0 0)),((0 0 0,0 -1 0,1 0 0,0 0 0)),((0 0 0,1 0 0,0 0 -1,0 0 0)),((1 0 0,0 -1 0,0 0 -1,1 0 0)))@2001-01-01 08:06:00]', tgeompoint 'Point(0.2 0 0.2)@2001-01-01 08:02:30', 2));
                                                                                                                                                                                                                                                                    astext                                                                                                                                                                                                                                                                    
----------------------------------------------------------------------------------------------------------------------------------------------------------------------------------------------------------------------------------------------------------------------------------------------------------------------------------------------------------------------------------------------------------------------------------------------------------------------------------------------------------------------------------------------
 [POINT Z (0.2 0.214644660940673 0.214644660940673)@2001-01-01 08:00:00+00, POINT Z (0.2 0.070392381078207 0.201703708685547)@2001-01-01 08:01:40+00, POINT Z (0.2 -0.070392381078207 0.201703708685547)@2001-01-01 08:03:20+00, POINT Z (0.2 -0.214644660940673 0.214644660940673)@2001-01-01 08:05:00+00, POINT Z (0.2 -0.201703708749825 0.070392380838317)@2001-01-01 08:05:20+00, POINT Z (0.2 -0.20170370855699 -0.070392381557988)@2001-01-01 08:05:40+00, POINT Z (0.2 -0.214644660413837 -0.214644661467508)@2001-01-01 08:06:00+00]
(1 row)

SELECT asText(trajectory(tgeometry '{[Polygon((0 0, 1 0, 1 1, 0 1, 0 0))@2001-01-01 08:00:00,Polygon((1 0, 1 1, 0 1, 0 0, 1 0))@2001-01-01 08:05:00,Polygon((1 1, 0 1, 0 0, 1 0, 1 1))@2001-01-01 08:06:00], [Polygon((1 0, 1 1, 0 1, 0 0, 1 0))@2001-01-01 09:00:00,Polygon((1 0, 1 1, 0 1, 0 0, 1 0))@2001-01-01 09:05:00,Polygon((0 0, 1 0, 1 1, 0 1, 0 0))@2001-01-01 09:06:00]}', tgeompoint 'Point(0.2 0.2)@2001-01-01 08:02:30', 2));
                                                                                                                                                                                                                                                                                                                                                                        astext                                                                                                                                                                                                                                                                                                                                                                        
------------------------------------------------------------------------------------------------------------------------------------------------------------------------------------------------------------------------------------------------------------------------------------------------------------------------------------------------------------------------------------------------------------------------------------------------------------------------------------------------------------------------------------------------------------------------------------------------------------------------------------------------------------------------------------------------------------------------------------------------------
 {[POINT(0.075735931288072 0.5)@2001-01-01 08:00:00+00, POINT(0.132576538582523 0.287867965644036)@2001-01-01 08:01:40+00, POINT(0.287867965644036 0.132576538582523)@2001-01-01 08:03:20+00, POINT(0.5 0.075735931288072)@2001-01-01 08:05:00+00, POINT(0.712132034355964 0.132576538582523)@2001-01-01 08:05:20+00, POINT(0.867423461417477 0.287867965644036)@2001-01-01 08:05:40+00, POINT(0.924264068711928 0.5)@2001-01-01 08:06:00+00], [POINT(0.5 0.075735931288072)@2001-01-01 09:00:00+00, POINT(0.5 0.075735931288072)@2001-01-01 09:05:00+00, POINT(0.287867965644036 0.132576538582523)@2001-01-01 09:05:20+00, POINT(0.132576538582523 0.287867965644036)@2001-01-01 09:05:40+00, POINT(0.075735931288072 0.5)@2001-01-01 09:06:00+00]}
(1 row)

SELECT asText(trajectory(tgeometry '{[Polyhedralsurface Z (((0 0 0,0 0 1,0 1 0,0 0 0)),((0 0 0,0 1 0,1 0 0,0 0 0)),((0 0 0,1 0 0,0 0 1,0 0 0)),((1 0 0,0 1 0,0 0 1,1 0 0)))@2001-01-01 08:00:00,Polyhedralsurface Z (((0 0 0,0 -1 0,0 0 1,0 0 0)),((0 0 0,0 0 1,1 0 0,0 0 0)),((0 0 0,1 0 0,0 -1 0,0 0 0)),((1 0 0,0 0 1,0 -1 0,1 0 0)))@2001-01-01 08:05:00,Polyhedralsurface Z (((0 0 0,0 0 -1,0 -1 0,0 0 0)),((0 0 0,0 -1 0,1 0 0,0 0 0)),((0 0 0,1 0 0,0 0 -1,0 0 0)),((1 0 0,0 -1 0,0 0 -1,1 0 0)))@2001-01-01 08:06:00], [Polyhedralsurface Z (((0 0 0,0 0 -1,0 -1 0,0 0 0)),((0 0 0,0 -1 0,1 0 0,0 0 0)),((0 0 0,1 0 0,0 0 -1,0 0 0)),((1 0 0,0 -1 0,0 0 -1,1 0 0)))@2001-01-01 09:00:00,Polyhedralsurface Z (((1 0 0,1 0 1,1 1 0,1 0 0)),((1 0 0,1 1 0,2 0 0,1 0 0)),((1 0 0,2 0 0,1 0 1,1 0 0)),((2 0 0,1 1 0,1 0 1,2 0 0)))@2001-01-01 09:05:00,Polyhedralsurface Z (((0 0 0,0 -1 0,0 0 1,0 0 0)),((0 0 0,0 0 1,1 0 0,0 0 0)),((0 0 0,1 0 0,0 -1 0,0 0 0)),((1 0 0,0 0 1,0 -1 0,1 0 0)))@2001-01-01 09:06:00]}', tgeompoint 'Point(0.2 0 0.2)@2001-01-01 08:02:30', 2));
                                                                                                                                                                                                                                                                                                                                                                                                                                                                                                                                                                       astext                                                                                                                                                                                                                                                                                                                                                                                                                                                                                                                                                                        
-----------------------------------------------------------------------------------------------------------------------------------------------------------------------------------------------------------------------------------------------------------------------------------------------------------------------------------------------------------------------------------------------------------------------------------------------------------------------------------------------------------------------------------------------------------------------------------------------------------------------------------------------------------------------------------------------------------------------------------------------------------------------------------------------------------------------------------------------------------------------------------------------------------------------------------------------------------------------------------------------------------------------------------------------------------------------------------------------------------------------------------------------------
 {[POINT Z (0.2 0.214644660940673 0.214644660940673)@2001-01-01 08:00:00+00, POINT Z (0.2 0.070392381078207 0.201703708685547)@2001-01-01 08:01:40+00, POINT Z (0.2 -0.070392381078207 0.201703708685547)@2001-01-01 08:03:20+00, POINT Z (0.2 -0.214644660940673 0.214644660940673)@2001-01-01 08:05:00+00, POINT Z (0.2 -0.201703708749825 0.070392380838317)@2001-01-01 08:05:20+00, POINT Z (0.2 -0.20170370855699 -0.070392381557988)@2001-01-01 08:05:40+00, POINT Z (0.2 -0.214644660413837 -0.214644661467508)@2001-01-01 08:06:00+00], [POINT Z (0.2 -0.214644661467508 -0.214644660413837)@2001-01-01 09:00:00+00, POINT Z (0.533333333333333 -0.09627428606824 -0.035037042147437)@2001-01-01 09:01:40+00, POINT Z (0.866666666666667 0.035037041954601 0.096274285348569)@2001-01-01 09:03:20+00, POINT Z (1.2 0.214644660940673 0.214644660940673)@2001-01-01 09:05:00+00, POINT Z (0.866666666666667 0.070392381318098 0.201703708621268)@2001-01-01 09:05:20+00, POINT Z (0.533333333333333 -0.070392380598427 0.201703708814103)@2001-01-01 09:05:40+00, POINT Z (0.2 -0.214644660413837 0.214644661467508)@2001-01-01 09:06:00+00]}
(1 row)

